CREATE TABLE query_filter_int(a INT);
INSERT INTO query_filter_int SELECT g FROM generate_series(1,100) g;
SELECT COUNT(*) FROM query_filter_int WHERE a  <= 50;
 count 
-------
    50
(1 row)

DROP TABLE query_filter_int;
CREATE TABLE query_filter_float(a FLOAT8);
INSERT INTO query_filter_float VALUES (0.9), (1.0), (1.1);
SELECT COUNT(*) = 1 FROM query_filter_float WHERE a < 1.0;
 ?column? 
----------
 t
(1 row)

SELECT COUNT(*) = 2 FROM query_filter_float WHERE a <= 1.0;
 ?column? 
----------
 t
(1 row)

SELECT COUNT(*) = 2 FROM query_filter_float WHERE a < 1.1;
 ?column? 
----------
 t
(1 row)

DROP TABLE query_filter_float;
CREATE TABLE query_filter_varchar(a VARCHAR);
INSERT INTO query_filter_varchar VALUES ('t1'), ('t2'), ('t1');
SELECT COUNT(*) = 2 FROM query_filter_varchar WHERE a = 't1';
 ?column? 
----------
 t
(1 row)

SELECT COUNT(a) = 2 FROM query_filter_varchar WHERE a = 't1';
 ?column? 
----------
 t
(1 row)

SELECT a, COUNT(*) FROM query_filter_varchar WHERE a = 't1' GROUP BY a;
 a  | count 
----+-------
 t1 |     2
(1 row)

DROP TABLE query_filter_varchar;
